Program [1:1]
  FunctionDecl: test() -> void [1:1]
    Block [1:11]
      VarDecl: int x = <expr> [2:5]
        Literal(int): 42 [2:13]
      VarDecl: float y = <expr> [3:5]
        Literal(float): 3.14 [3:15]
      VarDecl: string s = <expr> [4:5]
        Literal(string): 'hello' [4:16]
      VarDecl: bool b = <expr> [5:5]
        Literal(bool): True [5:14]
      VarDecl: bool n = <expr> [6:5]
        Literal(null): None [6:14]