Program [1:1]
  FunctionDecl: choose(bool flag) -> int [1:1]
    Block [1:29]
      If [2:5]
        Condition:
          Identifier: flag [2:9]
        Then:
          Block [2:15]
            Return [3:9]
              Literal(int): 1 [3:16]
        Else:
          Block [4:12]
            Return [5:9]
              Literal(int): 0 [5:16]