Program [1:1]
  FunctionDecl: test() -> void [1:1]
    Block [1:11]
      VarDecl: int x = <expr> [2:5]
        Binary: '+' [2:15]
          Literal(int): 1 [2:13]
          Binary: '*' [2:19]
            Literal(int): 2 [2:17]
            Literal(int): 3 [2:21]
      VarDecl: int y = <expr> [3:5]
        Binary: '-' [3:20]
          Binary: '-' [3:16]
            Literal(int): 10 [3:13]
            Literal(int): 5 [3:18]
          Literal(int): 2 [3:22]