Program [1:1]
  FunctionDecl: foo(int a, int b) -> void [1:1]
    Block [1:22]
  FunctionDecl: test() -> void [4:1]
    Block [4:11]
      ExprStmt [5:5]
        Call: foo() [5:5]
          Literal(int): 1 [5:9]
          Literal(int): 2 [5:12]
      ExprStmt [6:5]
        Call: foo() [6:5]
          Binary: '+' [6:11]
            Literal(int): 1 [6:9]
            Literal(int): 2 [6:13]
          Literal(int): 3 [6:16]