Program [1:1]
  FunctionDecl: test() -> void [1:1]
    Block [1:11]
      VarDecl: int x = <expr> [2:5]
        Literal(int): 0 [2:13]
      ExprStmt [3:5]
        Assignment: x = [3:7]
          Literal(int): 10 [3:9]
      ExprStmt [4:5]
        Assignment: x += [4:7]
          Literal(int): 1 [4:10]